
  Whiistles::Container::Component()
  

      
          Whiistles::Whiistle::Component(whiistle: Whiistle, current_user_presenter: CurrentUserPresenter)
          
          
        
        Whiistles::Whiistle::Component(whiistle: Reply, current_user_presenter: CurrentUserPresenter)

      
      Whiistles::Whiistle::Component(whiistle: Reply, current_user_presenter: CurrentUserPresenter)


  
