<form class="simple_form max-w-sm my-8 mx-auto py-8 px-4  new_whiistle" id="new_whiistle" action="/whiistles" accept-charset="UTF-8" method="post"><div class="flex flex-col text optional whiistle_body"><label class="py-2 text optional" for="whiistle_body">mock_label</label><textarea class="w-full rounded-md border border-solid text optional" data-action="" data-modal-path="" name="whiistle[body]" id="whiistle_body" cols="60" rows="4">
mock_value</textarea></div>
</form>