
    <turbo-stream action="update" targets=".relation_user_2"><template>
        ✓ Followed
</template></turbo-stream>

    <turbo-stream action="update" target="create_delete_relation_user_2"><template>
        Users::DeleteFollowing::Component(relation: Relation)
</template></turbo-stream>
    <turbo-stream action="update" target="left_side_followings_count_user_1"><template>
        1
</template></turbo-stream>
    <turbo-stream action="update" target="followers_count_user_2"><template>
        1
</template></turbo-stream>
Streams::UpdateFlashes::Component(notice: String, alert: NilClass)