  <a data-turbo-frame="modal_body" data-modal-target="defaultAnchor" href="mock_path">
    <form class="simple_form w-full" id="new_whiistle" action="" accept-charset="UTF-8" method="post">
      Whiistles::FormBodyComponent(form: SimpleForm::FormBuilder, label: String, open_modal: TrueClass, value: NilClass)
</form>  </a>