<div class='flex grow'>
  <main class="p-2 w-2/3">
    <div class='p-2'>
    
      
      Whiistles::Container::Component()

  Whiistles::MainWhiistle::Component(whiistle: Whiistle, current_user_presenter: CurrentUserPresenter)


    
    </div>
  </main>
  <aside class='w-1/3'>
    Users::SidebarRight::Component(sidebar_right_presenter: SidebarRightPresenter)
  </aside>
</div>
